// Jest Snapshot v1, https://goo.gl/fbAQLP

exports[`a página de configuração deve ser renderizada corretamente 1`] = `
<div>
  <div
    class="card"
  >
    <section>
      <form>
        <div
          class="grupo-input-btn"
        >
          <input
            placeholder="Insira os nomes dos participantes"
            type="text"
            value=""
          />
          <button
            disabled=""
          >
            Adicionar
          </button>
          
        </div>
      </form>
      <ul />
      <footer
        class="rodape-configuracoes"
      >
        <button
          class="botao"
          disabled=""
        >
          Iniciar Brincadeira
        </button>
      </footer>
    </section>
  </div>
</div>
`;
